18:27:24 DEBUT va-et-vient p0=-0.6325 amplitude +0.5 rad
18:27:47 cycle 10: aller -0.1331 (4.33 A)  retour -0.6317 (3.19 A)  t=22s
18:28:08 cycle 20: aller -0.1345 (4.69 A)  retour -0.6306 (3.15 A)  t=44s
18:28:30 cycle 30: aller -0.1338 (4.50 A)  retour -0.6329 (2.85 A)  t=66s
18:28:35 FIN apres 32 cycles, 71s: courant 10.71 A > 10 A. dernier pos=-0.5089, courant max total 10.71 A
18:29:54 msg: ENABLED
18:29:54 DEBUT va-et-vient p0=-0.6346 amplitude +0.5 rad, seuil 40 A
18:30:01 pic +5.02 A a pos -0.4408 (cible -0.1346, t=0.19s)
18:30:08 pic +5.08 A a pos -0.4413 (cible -0.1346, t=0.19s)
18:30:17 cycle 10: aller -0.1357 (4.55 A)  retour -0.6329 (3.22 A)  t=23s
18:30:19 pic +5.19 A a pos -0.4406 (cible -0.1346, t=0.19s)
18:30:21 pic +5.07 A a pos -0.4403 (cible -0.1346, t=0.19s)
18:30:28 pic +5.12 A a pos -0.4420 (cible -0.1346, t=0.19s)
18:30:39 cycle 20: aller -0.1338 (4.87 A)  retour -0.6334 (3.59 A)  t=45s
18:30:44 pic +5.47 A a pos -0.5096 (cible -0.1346, t=0.15s)
18:30:44 pic +5.41 A a pos -0.4749 (cible -0.1346, t=0.17s)
18:30:44 pic +6.28 A a pos -0.4416 (cible -0.1346, t=0.19s)
18:30:44 pic +6.05 A a pos -0.4077 (cible -0.1346, t=0.21s)
18:30:44 pic +5.30 A a pos -0.3733 (cible -0.1346, t=0.23s)
18:30:48 pic +5.12 A a pos -0.4406 (cible -0.1346, t=0.19s)
18:30:53 pic +5.01 A a pos -0.4399 (cible -0.1346, t=0.19s)
18:30:53 pic +5.04 A a pos -0.4058 (cible -0.1346, t=0.21s)
18:30:59 pic +5.01 A a pos -0.4401 (cible -0.1346, t=0.19s)
18:31:01 cycle 30: aller -0.1386 (5.01 A)  retour -0.6327 (3.36 A)  t=68s
18:31:06 pic +5.04 A a pos -0.4409 (cible -0.1346, t=0.19s)
18:31:08 pic +5.06 A a pos -0.4399 (cible -0.1346, t=0.19s)
18:31:10 pic +5.11 A a pos -0.4418 (cible -0.1346, t=0.19s)
18:31:12 pic +5.14 A a pos -0.4409 (cible -0.1346, t=0.19s)
18:31:19 pic +5.06 A a pos -0.4418 (cible -0.1346, t=0.19s)
18:31:23 cycle 40: aller -0.1384 (4.88 A)  retour -0.6320 (3.21 A)  t=90s
18:31:23 pic +5.16 A a pos -0.4401 (cible -0.1346, t=0.19s)
18:31:23 pic +5.09 A a pos -0.4060 (cible -0.1346, t=0.21s)
18:31:26 pic +5.11 A a pos -0.4418 (cible -0.1346, t=0.19s)
18:31:34 pic +5.18 A a pos -0.4409 (cible -0.1346, t=0.19s)
18:31:39 pic +5.08 A a pos -0.4068 (cible -0.1346, t=0.21s)
18:31:43 pic +5.08 A a pos -0.4404 (cible -0.1346, t=0.19s)
18:31:45 cycle 50: aller -0.1353 (5.08 A)  retour -0.6332 (3.45 A)  t=112s
18:31:52 pic +5.66 A a pos -0.5408 (cible -0.1346, t=0.12s)
18:31:52 pic +8.09 A a pos -0.5098 (cible -0.1346, t=0.15s)
18:31:52 pic +8.69 A a pos -0.4762 (cible -0.1346, t=0.17s)
18:31:52 pic +10.32 A a pos -0.4437 (cible -0.1346, t=0.19s)
18:31:52 pic +10.05 A a pos -0.4101 (cible -0.1346, t=0.21s)
18:31:52 pic +8.57 A a pos -0.3755 (cible -0.1346, t=0.23s)
18:31:52 pic +7.21 A a pos -0.3405 (cible -0.1346, t=0.25s)
18:31:52 pic +5.72 A a pos -0.3107 (cible -0.1346, t=0.27s)
18:31:54 pic +6.36 A a pos -0.5408 (cible -0.1346, t=0.12s)
18:31:54 pic +9.64 A a pos -0.5105 (cible -0.1346, t=0.15s)
18:31:54 pic +11.03 A a pos -0.4776 (cible -0.1346, t=0.17s)
18:31:54 pic +12.91 A a pos -0.4466 (cible -0.1346, t=0.19s)
18:31:54 pic +13.59 A a pos -0.4140 (cible -0.1346, t=0.21s)
18:31:54 pic +11.66 A a pos -0.3794 (cible -0.1346, t=0.23s)
18:31:54 pic +10.01 A a pos -0.3441 (cible -0.1346, t=0.25s)
18:31:54 pic +5.87 A a pos -0.3121 (cible -0.1346, t=0.27s)
18:31:56 pic +5.57 A a pos -0.5913 (cible -0.1346, t=0.08s)
18:31:56 pic +6.92 A a pos -0.5688 (cible -0.1346, t=0.11s)
18:31:56 pic +9.24 A a pos -0.5422 (cible -0.1346, t=0.13s)
18:31:56 pic +10.89 A a pos -0.5110 (cible -0.1346, t=0.15s)
18:31:56 pic +12.25 A a pos -0.4779 (cible -0.1346, t=0.17s)
18:31:56 pic +14.01 A a pos -0.4462 (cible -0.1346, t=0.19s)
18:31:56 pic +13.86 A a pos -0.4133 (cible -0.1346, t=0.21s)
18:31:56 pic +13.48 A a pos -0.3792 (cible -0.1346, t=0.23s)
18:31:56 pic +11.74 A a pos -0.3436 (cible -0.1346, t=0.25s)
18:31:56 pic +7.41 A a pos -0.3114 (cible -0.1346, t=0.27s)
18:31:56 pic +5.66 A a pos -0.2850 (cible -0.1346, t=0.29s)
18:31:56 pic +5.57 A a pos -0.2628 (cible -0.1346, t=0.32s)
18:31:56 pic +5.51 A a pos -0.2439 (cible -0.1346, t=0.34s)
18:31:58 pic +7.02 A a pos -0.5413 (cible -0.1346, t=0.13s)
18:31:58 pic +9.10 A a pos -0.5105 (cible -0.1346, t=0.15s)
18:31:58 pic +9.66 A a pos -0.4766 (cible -0.1346, t=0.17s)
18:31:58 pic +11.05 A a pos -0.4440 (cible -0.1346, t=0.19s)
18:31:58 pic +10.83 A a pos -0.4104 (cible -0.1346, t=0.21s)
18:31:58 pic +9.43 A a pos -0.3758 (cible -0.1346, t=0.23s)
18:31:58 pic +7.39 A a pos -0.3404 (cible -0.1346, t=0.25s)
18:32:00 pic +5.22 A a pos -0.5108 (cible -0.1346, t=0.15s)
18:32:00 pic +5.44 A a pos -0.4762 (cible -0.1346, t=0.17s)
18:32:00 pic +6.21 A a pos -0.4433 (cible -0.1346, t=0.19s)
18:32:00 pic +5.82 A a pos -0.4094 (cible -0.1346, t=0.21s)
18:32:00 pic +5.07 A a pos -0.3750 (cible -0.1346, t=0.23s)
18:32:03 pic +5.28 A a pos -0.5106 (cible -0.1346, t=0.15s)
18:32:03 pic +5.28 A a pos -0.4420 (cible -0.1346, t=0.19s)
18:32:07 cycle 60: aller -0.1365 (4.64 A)  retour -0.6325 (3.55 A)  t=133s
18:32:07 pic +5.05 A a pos -0.4404 (cible -0.1346, t=0.19s)
18:32:09 pic +5.10 A a pos -0.4413 (cible -0.1346, t=0.19s)
18:32:11 pic +5.04 A a pos -0.4065 (cible -0.1346, t=0.21s)
18:32:20 pic +5.02 A a pos -0.4063 (cible -0.1346, t=0.21s)
18:32:29 cycle 70: aller -0.1391 (4.94 A)  retour -0.6330 (2.99 A)  t=155s
18:32:36 pic +5.09 A a pos -0.4401 (cible -0.1346, t=0.19s)
18:32:38 pic +5.06 A a pos -0.4401 (cible -0.1346, t=0.19s)
18:32:40 pic +5.03 A a pos -0.4409 (cible -0.1346, t=0.19s)
18:32:51 cycle 80: aller -0.1362 (4.77 A)  retour -0.6346 (3.09 A)  t=177s
18:32:51 pic +5.06 A a pos -0.4397 (cible -0.1346, t=0.19s)
18:32:55 pic +5.18 A a pos -0.4413 (cible -0.1346, t=0.19s)
18:32:58 pic +5.19 A a pos -0.4411 (cible -0.1346, t=0.19s)
18:33:08 pic +5.12 A a pos -0.4411 (cible -0.1346, t=0.19s)
18:33:13 cycle 90: aller -0.1362 (4.54 A)  retour -0.6317 (3.17 A)  t=199s
18:33:17 pic +5.07 A a pos -0.4449 (cible -0.1346, t=0.19s)
18:33:17 pic +5.08 A a pos -0.4108 (cible -0.1346, t=0.21s)
18:33:19 pic +5.04 A a pos -0.4399 (cible -0.1346, t=0.19s)
18:33:24 pic +5.02 A a pos -0.4408 (cible -0.1346, t=0.19s)
18:33:24 pic +5.02 A a pos -0.4067 (cible -0.1346, t=0.21s)
18:33:26 pic +5.06 A a pos -0.4399 (cible -0.1346, t=0.19s)
18:33:33 pic +5.03 A a pos -0.4409 (cible -0.1346, t=0.19s)
18:33:35 cycle 100: aller -0.1353 (5.03 A)  retour -0.6330 (3.32 A)  t=221s
18:33:41 pic +5.11 A a pos -0.4067 (cible -0.1346, t=0.21s)
18:33:44 pic +5.14 A a pos -0.4409 (cible -0.1346, t=0.19s)
18:33:57 cycle 110: aller -0.1369 (4.66 A)  retour -0.6354 (2.99 A)  t=243s
18:34:14 pic +5.09 A a pos -0.4409 (cible -0.1346, t=0.19s)
18:34:17 pic +5.27 A a pos -0.4411 (cible -0.1346, t=0.19s)
18:34:19 cycle 120: aller -0.1365 (5.27 A)  retour -0.6332 (3.32 A)  t=265s
18:34:23 pic +5.11 A a pos -0.4067 (cible -0.1346, t=0.21s)
18:34:25 pic +5.08 A a pos -0.4409 (cible -0.1346, t=0.19s)
18:34:27 pic +5.05 A a pos -0.4403 (cible -0.1346, t=0.19s)
18:34:36 pic +5.04 A a pos -0.4420 (cible -0.1346, t=0.19s)
18:34:38 pic +5.06 A a pos -0.4411 (cible -0.1346, t=0.19s)
18:34:40 cycle 130: aller -0.1364 (5.06 A)  retour -0.6346 (3.61 A)  t=287s
18:34:45 pic +5.26 A a pos -0.4414 (cible -0.1346, t=0.19s)
18:34:49 pic +5.10 A a pos -0.4413 (cible -0.1346, t=0.19s)
18:35:03 cycle 140: aller -0.1375 (4.92 A)  retour -0.6342 (3.12 A)  t=309s
18:35:05 pic +5.02 A a pos -0.4062 (cible -0.1346, t=0.21s)
18:35:07 pic +5.06 A a pos -0.4401 (cible -0.1346, t=0.19s)
18:35:09 pic +5.04 A a pos -0.4416 (cible -0.1346, t=0.19s)
18:35:16 pic +5.13 A a pos -0.4403 (cible -0.1346, t=0.19s)
18:35:23 pic +5.10 A a pos -0.4411 (cible -0.1346, t=0.19s)
18:35:25 cycle 150: aller -0.1369 (5.10 A)  retour -0.6332 (3.10 A)  t=331s
18:35:25 pic +5.18 A a pos -0.4403 (cible -0.1346, t=0.19s)
18:35:29 pic +5.16 A a pos -0.4397 (cible -0.1346, t=0.19s)
18:35:42 pic +5.21 A a pos -0.4414 (cible -0.1346, t=0.19s)
18:35:47 cycle 160: aller -0.1374 (4.92 A)  retour -0.6320 (2.93 A)  t=353s
18:35:49 pic +5.09 A a pos -0.4404 (cible -0.1346, t=0.19s)
18:36:04 pic +5.10 A a pos -0.4413 (cible -0.1346, t=0.19s)
18:36:08 cycle 170: aller -0.1355 (4.73 A)  retour -0.6339 (2.99 A)  t=375s
18:36:11 pic +5.02 A a pos -0.4418 (cible -0.1346, t=0.19s)
18:36:13 pic +5.10 A a pos -0.4418 (cible -0.1346, t=0.19s)
18:36:24 pic +5.02 A a pos -0.4392 (cible -0.1346, t=0.19s)
18:36:31 cycle 180: aller -0.1370 (4.69 A)  retour -0.6354 (3.20 A)  t=397s
18:36:42 pic +5.18 A a pos -0.4409 (cible -0.1346, t=0.19s)
18:36:44 pic +5.10 A a pos -0.4414 (cible -0.1346, t=0.19s)
18:36:46 pic +5.03 A a pos -0.4408 (cible -0.1346, t=0.19s)
18:36:53 cycle 190: aller -0.1353 (4.96 A)  retour -0.6334 (3.26 A)  t=419s
18:37:15 cycle 200: aller -0.1350 (4.94 A)  retour -0.6330 (3.40 A)  t=441s
18:37:30 pic +5.08 A a pos -0.4406 (cible -0.1346, t=0.19s)
18:37:36 cycle 210: aller -0.1343 (4.42 A)  retour -0.6347 (3.42 A)  t=463s
18:37:43 pic +5.15 A a pos -0.4404 (cible -0.1346, t=0.19s)
18:37:51 pic +5.23 A a pos -0.4414 (cible -0.1346, t=0.19s)
18:37:56 pic +5.01 A a pos -0.4399 (cible -0.1346, t=0.19s)
18:38:00 cycle 220: aller -0.1360 (4.90 A)  retour -0.6342 (3.05 A)  t=486s
18:38:02 pic +5.20 A a pos -0.4464 (cible -0.1346, t=0.19s)
18:38:04 pic +5.02 A a pos -0.4404 (cible -0.1346, t=0.19s)
18:38:15 pic +5.13 A a pos -0.4406 (cible -0.1346, t=0.19s)
18:38:22 cycle 230: aller -0.1377 (4.91 A)  retour -0.6332 (3.30 A)  t=508s
18:38:28 pic +5.07 A a pos -0.4404 (cible -0.1346, t=0.19s)
18:38:30 pic +5.03 A a pos -0.4411 (cible -0.1346, t=0.19s)
18:38:37 pic +5.11 A a pos -0.4404 (cible -0.1346, t=0.19s)
18:38:39 pic +5.12 A a pos -0.4421 (cible -0.1346, t=0.19s)
18:38:43 cycle 240: aller -0.1357 (4.77 A)  retour -0.6329 (3.10 A)  t=530s
18:38:44 pic +5.02 A a pos -0.4406 (cible -0.1346, t=0.19s)
18:38:55 pic +5.12 A a pos -0.4408 (cible -0.1346, t=0.19s)
18:39:03 pic +5.14 A a pos -0.4404 (cible -0.1346, t=0.19s)
18:39:05 cycle 250: aller -0.1352 (5.14 A)  retour -0.6325 (3.15 A)  t=552s
18:39:08 pic +5.03 A a pos -0.4404 (cible -0.1346, t=0.19s)
18:39:23 pic +5.14 A a pos -0.4408 (cible -0.1346, t=0.19s)
18:39:27 cycle 260: aller -0.1357 (4.77 A)  retour -0.6352 (3.01 A)  t=574s
18:39:36 pic +5.03 A a pos -0.4058 (cible -0.1346, t=0.21s)
18:39:50 cycle 270: aller -0.1367 (4.87 A)  retour -0.6334 (3.11 A)  t=596s
18:39:57 pic +5.13 A a pos -0.4408 (cible -0.1346, t=0.19s)
18:40:01 pic +5.11 A a pos -0.4418 (cible -0.1346, t=0.19s)
18:40:03 pic +5.12 A a pos -0.4418 (cible -0.1346, t=0.19s)
18:40:08 pic +5.09 A a pos -0.4404 (cible -0.1346, t=0.19s)
18:40:12 cycle 280: aller -0.1364 (4.88 A)  retour -0.6334 (3.12 A)  t=618s
18:40:14 pic +5.01 A a pos -0.4396 (cible -0.1346, t=0.19s)
18:40:19 pic +5.01 A a pos -0.4404 (cible -0.1346, t=0.19s)
18:40:30 pic +5.06 A a pos -0.4051 (cible -0.1346, t=0.21s)
18:40:34 cycle 290: aller -0.1367 (4.66 A)  retour -0.6351 (2.85 A)  t=640s
18:40:40 pic +5.15 A a pos -0.4408 (cible -0.1346, t=0.19s)
18:40:47 pic +5.01 A a pos -0.4413 (cible -0.1346, t=0.19s)
18:40:56 cycle 300: aller -0.1369 (4.78 A)  retour -0.6337 (3.04 A)  t=662s
18:41:11 pic +5.08 A a pos -0.4411 (cible -0.1346, t=0.19s)
18:41:18 cycle 310: aller -0.1382 (4.79 A)  retour -0.6329 (2.92 A)  t=684s
18:41:30 pic +5.03 A a pos -0.4406 (cible -0.1346, t=0.19s)
18:41:41 cycle 320: aller -0.1384 (4.88 A)  retour -0.6332 (3.18 A)  t=707s
18:41:45 pic +5.02 A a pos -0.4403 (cible -0.1346, t=0.19s)
18:41:50 pic +5.03 A a pos -0.4409 (cible -0.1346, t=0.19s)
18:42:03 cycle 330: aller -0.1372 (4.96 A)  retour -0.6366 (3.23 A)  t=729s
18:42:03 pic +5.13 A a pos -0.4416 (cible -0.1346, t=0.19s)
18:42:05 pic +5.02 A a pos -0.4058 (cible -0.1346, t=0.21s)
18:42:07 pic +5.29 A a pos -0.4409 (cible -0.1346, t=0.19s)
18:42:12 pic +5.25 A a pos -0.4411 (cible -0.1346, t=0.19s)
18:42:14 pic +5.25 A a pos -0.4413 (cible -0.1346, t=0.19s)
18:42:21 pic +5.06 A a pos -0.4401 (cible -0.1346, t=0.19s)
18:42:23 pic +5.07 A a pos -0.4403 (cible -0.1346, t=0.19s)
18:42:25 cycle 340: aller -0.1384 (5.07 A)  retour -0.6334 (3.23 A)  t=751s
18:42:34 pic +5.03 A a pos -0.4053 (cible -0.1346, t=0.21s)
18:42:38 pic +5.10 A a pos -0.4409 (cible -0.1346, t=0.19s)
18:42:38 pic +5.04 A a pos -0.4068 (cible -0.1346, t=0.21s)
18:42:47 cycle 350: aller -0.1365 (4.85 A)  retour -0.6352 (2.84 A)  t=773s
18:42:49 pic +5.04 A a pos -0.4418 (cible -0.1346, t=0.19s)
18:42:51 pic +5.04 A a pos -0.4413 (cible -0.1346, t=0.19s)
18:42:56 pic +5.13 A a pos -0.4403 (cible -0.1346, t=0.19s)
18:43:02 pic +5.10 A a pos -0.4406 (cible -0.1346, t=0.19s)
18:43:07 pic +5.15 A a pos -0.4406 (cible -0.1346, t=0.19s)
18:43:09 cycle 360: aller -0.1382 (5.15 A)  retour -0.6330 (3.39 A)  t=795s
18:43:09 pic +5.25 A a pos -0.4411 (cible -0.1346, t=0.19s)
18:43:13 pic +5.11 A a pos -0.4401 (cible -0.1346, t=0.19s)
18:43:21 pic +5.20 A a pos -0.4408 (cible -0.1346, t=0.19s)
18:43:25 pic +5.08 A a pos -0.4411 (cible -0.1346, t=0.19s)
18:43:27 pic +5.08 A a pos -0.4416 (cible -0.1346, t=0.19s)
18:43:30 pic +5.04 A a pos -0.4418 (cible -0.1346, t=0.19s)
18:43:32 cycle 370: aller -0.1362 (5.04 A)  retour -0.6310 (3.55 A)  t=818s
18:43:36 pic +5.21 A a pos -0.4413 (cible -0.1346, t=0.19s)
18:43:39 pic +5.14 A a pos -0.4411 (cible -0.1346, t=0.19s)
18:43:54 cycle 380: aller -0.1369 (4.53 A)  retour -0.6318 (3.01 A)  t=840s
18:44:10 pic +5.06 A a pos -0.4411 (cible -0.1346, t=0.19s)
18:44:14 pic +5.19 A a pos -0.4408 (cible -0.1346, t=0.19s)
